resources:
  - "@type": type.googleapis.com/envoy.config.cluster.v3.Cluster
    name: cluster_tcp_bind
    connect_timeout: 5s
    type: STRICT_DNS
    lb_policy: ROUND_ROBIN
    health_checks:
      - timeout: 2s
        interval: 5s
        unhealthy_threshold: 2
        healthy_threshold: 2
        http_health_check:
          path: /ready
    # healthy_panic_threshold 0: hard-coded so Envoy fails fast when most or all uplinks are down.
    common_lb_config:
      healthy_panic_threshold:
        value: 0
    transport_socket:
      name: envoy.transport_sockets.upstream_proxy_protocol
      typed_config:
        "@type": type.googleapis.com/envoy.extensions.transport_sockets.proxy_protocol.v3.ProxyProtocolUpstreamTransport
        config:
          version: V1
        transport_socket:
          name: envoy.transport_sockets.raw_buffer
    load_assignment:
      cluster_name: cluster_tcp_bind
      endpoints:
        - lb_endpoints:
            - endpoint:
                address:
                  socket_address:
                    address: 10.200.0.2
                    port_value: 443
                health_check_config:
                  port_value: 8080
            - endpoint:
                address:
                  socket_address:
                    address: 10.200.0.3
                    port_value: 443
                health_check_config:
                  port_value: 8080
  - "@type": type.googleapis.com/envoy.config.cluster.v3.Cluster
    name: cluster_udp_bind
    connect_timeout: 5s
    type: STRICT_DNS
    lb_policy: ROUND_ROBIN
    health_checks:
      - timeout: 2s
        interval: 5s
        unhealthy_threshold: 2
        healthy_threshold: 2
        http_health_check:
          path: /ready
    # healthy_panic_threshold 0: hard-coded so Envoy fails fast when most or all uplinks are down.
    common_lb_config:
      healthy_panic_threshold:
        value: 0
    load_assignment:
      cluster_name: cluster_udp_bind
      endpoints:
        - lb_endpoints:
            - endpoint:
                address:
                  socket_address:
                    address: 10.200.0.2
                    port_value: 51820
                health_check_config:
                  port_value: 8080
